[dotenv@17.2.3] injecting env (10) from .env -- tip: ≡ƒùé∩╕Å backup and recover secrets: https://dotenvx.com/ops
[dotenv@17.2.3] injecting env (0) from .env -- tip: Γ£à audit secrets and track compliance: https://dotenvx.com/ops
≡ƒº¬ Starting Knowledge Coverage Engine Test...
Executing (default): SELECT 1+1 AS result
Γ£à Database Connected

≡ƒæë Step 1: Creating Test Connection...
Executing (default): INSERT INTO "Connections" ("id","connectionId","websiteName","brandingStatus","assistantName","tone","theme","extractedTools","welcomeMessage","capabilities","actionConfig","permissions","behaviorProfile","behaviorOverrides","status","widgetSeen","extractionEnabled","allowedExtractors","policies","createdAt","updatedAt") VALUES (DEFAULT,$1,$2,$3,$4,$5,$6,$7,$8,$9,$10,$11,$12,$13,$14,$15,$16,$17,$18,$19,$20) RETURNING "id","connectionId","connectionSecret","websiteName","websiteUrl","websiteDescription","logoUrl","faviconPath","logoPath","brandingStatus","assistantName","tone","allowedDomains","theme","systemPrompt","knowledgeBase","extractedTools","welcomeMessage","capabilities","actionConfig","permissions","behaviorProfile","behaviorOverrides","passwordHash","status","widgetSeen","extractionEnabled","allowedExtractors","extractionToken","extractionTokenExpires","policies","createdAt","updatedAt";
≡ƒæë Step 2: Seeding Discovery Records...
node : 
At line:1 char:1
+ node test_coverage.js > test_output.txt 2>&1
+ ~~~~~~~~~~~~~~~~~~~~~~~~~~~~~~~~~~~~~~~~~~~~
    + CategoryInfo          : NotSpecified: (:String) [], Re 
   moteException
    + FullyQualifiedErrorId : NativeCommandError
 
Γ¥î Test Failed: notNull Violation: 
ConnectionDiscovery.sourceType cannot be null
Validation: [
  {
    "message": "ConnectionDiscovery.sourceType cannot be 
null",
    "type": "notNull Violation",
    "path": "sourceType",
    "value": null,
    "origin": "CORE",
    "instance": {
      "id": "f1296692-0bca-4bcc-9e6a-8cd3e6902a17",
      "depth": 0,
      "connectionId": "test_coverage_1770891780568",
      "discoveredUrl": "https://example.com/",
      "status": "DISCOVERED",
      "updatedAt": "2026-02-12T10:23:03.322Z",
      "createdAt": "2026-02-12T10:23:03.322Z"
    },
    "validatorKey": "is_null",
    "validatorName": null,
    "validatorArgs": []
  }
]
Executing (default): DELETE FROM "PageContents" WHERE "connectionId" = 'test_coverage_1770891780568'
Executing (default): DELETE FROM "ConnectionDiscoveries" WHERE "connectionId" = 'test_coverage_1770891780568'
Executing (default): DELETE FROM "KnowledgeCoverages" WHERE "connectionId" = 'test_coverage_1770891780568'
Executing (default): DELETE FROM "KnowledgeCategories" WHERE "connectionId" = 'test_coverage_1770891780568'
Executing (default): DELETE FROM "Connections" WHERE "connectionId" = 'test_coverage_1770891780568'
